// Jest Snapshot v1, https://goo.gl/fbAQLP

exports[`Exercise1 should render Exercise1 1`] = `ShallowWrapper {}`;
