// Jest Snapshot v1, https://goo.gl/fbAQLP

exports[`Range should render Exercise1 1`] = `ReactWrapper {}`;
